NonLast Status: implicit arguments not displayed, module not type checked
NonLast ClearRunningInfo
NonLast ClearHighlighting
NonLast RunningInfo 1 Checking Issue95 (/Users/omega/github/agda-mode/test/ManualTests/Issue95.agda).

NonLast HighlightingInfoIndirect /var/folders/r2/lx4mzz2x1kn940m7lhnv0b_h0000gn/T/agda2-mode39869-0
NonLast HighlightingInfoIndirect /var/folders/r2/lx4mzz2x1kn940m7lhnv0b_h0000gn/T/agda2-mode39869-1
NonLast HighlightingInfoIndirect /var/folders/r2/lx4mzz2x1kn940m7lhnv0b_h0000gn/T/agda2-mode39869-2
NonLast HighlightingInfoIndirect /var/folders/r2/lx4mzz2x1kn940m7lhnv0b_h0000gn/T/agda2-mode39869-3
NonLast HighlightingInfoIndirect /var/folders/r2/lx4mzz2x1kn940m7lhnv0b_h0000gn/T/agda2-mode39869-4
NonLast DisplayInfo Error /Users/omega/github/agda-mode/test/ManualTests/Issue95.agda:8,5-9
String != List Char
when checking that the expression "\\" has type List Char
Last(3) JumpToError /Users/omega/github/agda-mode/test/ManualTests/Issue95.agda 144
NonLast HighlightingInfoIndirect /var/folders/r2/lx4mzz2x1kn940m7lhnv0b_h0000gn/T/agda2-mode39869-5
NonLast Status: implicit arguments not displayed, module not type checked
