NonLast Status: implicit arguments not displayed, module not type checked
NonLast ClearRunningInfo
NonLast ClearHighlighting
NonLast RunningInfo 1 Checking QuotationMark (/Users/omega/github/agda-mode/test/ManualTests/QuotationMark.agda).

NonLast HighlightingInfoIndirect /var/folders/r2/lx4mzz2x1kn940m7lhnv0b_h0000gn/T/agda2-mode19020-0
NonLast HighlightingInfoIndirect /var/folders/r2/lx4mzz2x1kn940m7lhnv0b_h0000gn/T/agda2-mode19020-1
NonLast HighlightingInfoIndirect /var/folders/r2/lx4mzz2x1kn940m7lhnv0b_h0000gn/T/agda2-mode19020-2
NonLast HighlightingInfoIndirect /var/folders/r2/lx4mzz2x1kn940m7lhnv0b_h0000gn/T/agda2-mode19020-3
NonLast HighlightingInfoIndirect /var/folders/r2/lx4mzz2x1kn940m7lhnv0b_h0000gn/T/agda2-mode19020-4
NonLast DisplayInfo Error /Users/omega/github/agda-mode/test/ManualTests/QuotationMark.agda:8,5-8
String != List Char
when checking that the expression ")" has type List Char
Last(3) JumpToError /Users/omega/github/agda-mode/test/ManualTests/QuotationMark.agda 150
Last(3) JumpToError /Users/omega/github/agda-mode/test/ManualTests/QuotationMark.agda 150
NonLast HighlightingInfoIndirect /var/folders/r2/lx4mzz2x1kn940m7lhnv0b_h0000gn/T/agda2-mode19020-5
NonLast Status: implicit arguments not displayed, module not type checked
